--------------------------------------------------
x: 3.1
y: 4
z: 99
foo: 
    bar: 5
    bla: 7
    array: 
        - x: 123
          y: 567
        - x: 456
          y: 567
          array2: 
              - foo: 1
                bar: 2

--------------------------------------------------
x = 3.1, y = 4, z = 99
bla = 7
 - x = 123
 - x = 456
   array2.bar = 2
bla = 7
--------------------------------------------------
Begin
Writing done
238
1: 5, 6, 4
2: 5, 6, 4
3: 5, 6, 4
4: 5, 6, 4
5: 5, 6, 4
6: 5, 6, 4
7: 5, 6, 4
8: 5, 6, 4
9: 5, 6, 4
10: 5, 6, 4
Reading done
